// Jest Snapshot v1, https://goo.gl/fbAQLP

exports[`<Header /> should render Header 1`] = `
ShallowWrapper {
  "length": 1,
  Symbol(enzyme.__root__): [Circular],
  Symbol(enzyme.__unrendered__): <Header />,
  Symbol(enzyme.__renderer__): Object {
    "batchedUpdates": [Function],
    "getNode": [Function],
    "render": [Function],
    "simulateEvent": [Function],
    "unmount": [Function],
  },
  Symbol(enzyme.__node__): Object {
    "instance": null,
    "key": undefined,
    "nodeType": "host",
    "props": Object {
      "children": <nav
        role="navigation"
      >
        <div
          className="nav-wrapper container"
        >
          <a
            className="brand-logo"
          >
            PaiWallet
          </a>
          <ul
            className="right hide-on-med-and-down"
            id="nav-mobile"
          >
            <li>
              <Link
                replace={false}
                to="/"
              >
                Home
              </Link>
            </li>
            <li>
              <Link
                replace={false}
                to="/subscription"
              >
                Subscription
              </Link>
            </li>
            <li>
              <Link
                replace={false}
                to="/topstocks"
              >
                Top Stocks
              </Link>
            </li>
            <li>
              <Link
                replace={false}
                to="/admin"
              >
                Admin
              </Link>
            </li>
            <li>
              <Link
                replace={false}
                to="/disclaimer"
              >
                Disclaimer
              </Link>
            </li>
            <li>
              <button
                onClick={undefined}
              >
                Logout
              </button>
            </li>
          </ul>
        </div>
      </nav>,
      "className": "nav-wrapper",
    },
    "ref": null,
    "rendered": Object {
      "instance": null,
      "key": undefined,
      "nodeType": "host",
      "props": Object {
        "children": <div
          className="nav-wrapper container"
        >
          <a
            className="brand-logo"
          >
            PaiWallet
          </a>
          <ul
            className="right hide-on-med-and-down"
            id="nav-mobile"
          >
            <li>
              <Link
                replace={false}
                to="/"
              >
                Home
              </Link>
            </li>
            <li>
              <Link
                replace={false}
                to="/subscription"
              >
                Subscription
              </Link>
            </li>
            <li>
              <Link
                replace={false}
                to="/topstocks"
              >
                Top Stocks
              </Link>
            </li>
            <li>
              <Link
                replace={false}
                to="/admin"
              >
                Admin
              </Link>
            </li>
            <li>
              <Link
                replace={false}
                to="/disclaimer"
              >
                Disclaimer
              </Link>
            </li>
            <li>
              <button
                onClick={undefined}
              >
                Logout
              </button>
            </li>
          </ul>
        </div>,
        "role": "navigation",
      },
      "ref": null,
      "rendered": Object {
        "instance": null,
        "key": undefined,
        "nodeType": "host",
        "props": Object {
          "children": Array [
            <a
              className="brand-logo"
            >
              PaiWallet
            </a>,
            <ul
              className="right hide-on-med-and-down"
              id="nav-mobile"
            >
              <li>
                <Link
                  replace={false}
                  to="/"
                >
                  Home
                </Link>
              </li>
              <li>
                <Link
                  replace={false}
                  to="/subscription"
                >
                  Subscription
                </Link>
              </li>
              <li>
                <Link
                  replace={false}
                  to="/topstocks"
                >
                  Top Stocks
                </Link>
              </li>
              <li>
                <Link
                  replace={false}
                  to="/admin"
                >
                  Admin
                </Link>
              </li>
              <li>
                <Link
                  replace={false}
                  to="/disclaimer"
                >
                  Disclaimer
                </Link>
              </li>
              <li>
                <button
                  onClick={undefined}
                >
                  Logout
                </button>
              </li>
            </ul>,
          ],
          "className": "nav-wrapper container",
        },
        "ref": null,
        "rendered": Array [
          Object {
            "instance": null,
            "key": undefined,
            "nodeType": "host",
            "props": Object {
              "children": "PaiWallet",
              "className": "brand-logo",
            },
            "ref": null,
            "rendered": "PaiWallet",
            "type": "a",
          },
          Object {
            "instance": null,
            "key": undefined,
            "nodeType": "host",
            "props": Object {
              "children": Array [
                <li>
                  <Link
                    replace={false}
                    to="/"
                  >
                    Home
                  </Link>
                </li>,
                <li>
                  <Link
                    replace={false}
                    to="/subscription"
                  >
                    Subscription
                  </Link>
                </li>,
                <li>
                  <Link
                    replace={false}
                    to="/topstocks"
                  >
                    Top Stocks
                  </Link>
                </li>,
                <li>
                  <Link
                    replace={false}
                    to="/admin"
                  >
                    Admin
                  </Link>
                </li>,
                <li>
                  <Link
                    replace={false}
                    to="/disclaimer"
                  >
                    Disclaimer
                  </Link>
                </li>,
                <li>
                  <button
                    onClick={undefined}
                  >
                    Logout
                  </button>
                </li>,
              ],
              "className": "right hide-on-med-and-down",
              "id": "nav-mobile",
            },
            "ref": null,
            "rendered": Array [
              Object {
                "instance": null,
                "key": undefined,
                "nodeType": "host",
                "props": Object {
                  "children": <Link
                    replace={false}
                    to="/"
                  >
                    Home
                  </Link>,
                },
                "ref": null,
                "rendered": Object {
                  "instance": null,
                  "key": undefined,
                  "nodeType": "class",
                  "props": Object {
                    "children": "Home",
                    "replace": false,
                    "to": "/",
                  },
                  "ref": null,
                  "rendered": "Home",
                  "type": [Function],
                },
                "type": "li",
              },
              Object {
                "instance": null,
                "key": undefined,
                "nodeType": "host",
                "props": Object {
                  "children": <Link
                    replace={false}
                    to="/subscription"
                  >
                    Subscription
                  </Link>,
                },
                "ref": null,
                "rendered": Object {
                  "instance": null,
                  "key": undefined,
                  "nodeType": "class",
                  "props": Object {
                    "children": "Subscription",
                    "replace": false,
                    "to": "/subscription",
                  },
                  "ref": null,
                  "rendered": "Subscription",
                  "type": [Function],
                },
                "type": "li",
              },
              Object {
                "instance": null,
                "key": undefined,
                "nodeType": "host",
                "props": Object {
                  "children": <Link
                    replace={false}
                    to="/topstocks"
                  >
                    Top Stocks
                  </Link>,
                },
                "ref": null,
                "rendered": Object {
                  "instance": null,
                  "key": undefined,
                  "nodeType": "class",
                  "props": Object {
                    "children": "Top Stocks",
                    "replace": false,
                    "to": "/topstocks",
                  },
                  "ref": null,
                  "rendered": "Top Stocks",
                  "type": [Function],
                },
                "type": "li",
              },
              Object {
                "instance": null,
                "key": undefined,
                "nodeType": "host",
                "props": Object {
                  "children": <Link
                    replace={false}
                    to="/admin"
                  >
                    Admin
                  </Link>,
                },
                "ref": null,
                "rendered": Object {
                  "instance": null,
                  "key": undefined,
                  "nodeType": "class",
                  "props": Object {
                    "children": "Admin",
                    "replace": false,
                    "to": "/admin",
                  },
                  "ref": null,
                  "rendered": "Admin",
                  "type": [Function],
                },
                "type": "li",
              },
              Object {
                "instance": null,
                "key": undefined,
                "nodeType": "host",
                "props": Object {
                  "children": <Link
                    replace={false}
                    to="/disclaimer"
                  >
                    Disclaimer
                  </Link>,
                },
                "ref": null,
                "rendered": Object {
                  "instance": null,
                  "key": undefined,
                  "nodeType": "class",
                  "props": Object {
                    "children": "Disclaimer",
                    "replace": false,
                    "to": "/disclaimer",
                  },
                  "ref": null,
                  "rendered": "Disclaimer",
                  "type": [Function],
                },
                "type": "li",
              },
              Object {
                "instance": null,
                "key": undefined,
                "nodeType": "host",
                "props": Object {
                  "children": <button
                    onClick={undefined}
                  >
                    Logout
                  </button>,
                },
                "ref": null,
                "rendered": Object {
                  "instance": null,
                  "key": undefined,
                  "nodeType": "host",
                  "props": Object {
                    "children": "Logout",
                    "onClick": undefined,
                  },
                  "ref": null,
                  "rendered": "Logout",
                  "type": "button",
                },
                "type": "li",
              },
            ],
            "type": "ul",
          },
        ],
        "type": "div",
      },
      "type": "nav",
    },
    "type": "div",
  },
  Symbol(enzyme.__nodes__): Array [
    Object {
      "instance": null,
      "key": undefined,
      "nodeType": "host",
      "props": Object {
        "children": <nav
          role="navigation"
        >
          <div
            className="nav-wrapper container"
          >
            <a
              className="brand-logo"
            >
              PaiWallet
            </a>
            <ul
              className="right hide-on-med-and-down"
              id="nav-mobile"
            >
              <li>
                <Link
                  replace={false}
                  to="/"
                >
                  Home
                </Link>
              </li>
              <li>
                <Link
                  replace={false}
                  to="/subscription"
                >
                  Subscription
                </Link>
              </li>
              <li>
                <Link
                  replace={false}
                  to="/topstocks"
                >
                  Top Stocks
                </Link>
              </li>
              <li>
                <Link
                  replace={false}
                  to="/admin"
                >
                  Admin
                </Link>
              </li>
              <li>
                <Link
                  replace={false}
                  to="/disclaimer"
                >
                  Disclaimer
                </Link>
              </li>
              <li>
                <button
                  onClick={undefined}
                >
                  Logout
                </button>
              </li>
            </ul>
          </div>
        </nav>,
        "className": "nav-wrapper",
      },
      "ref": null,
      "rendered": Object {
        "instance": null,
        "key": undefined,
        "nodeType": "host",
        "props": Object {
          "children": <div
            className="nav-wrapper container"
          >
            <a
              className="brand-logo"
            >
              PaiWallet
            </a>
            <ul
              className="right hide-on-med-and-down"
              id="nav-mobile"
            >
              <li>
                <Link
                  replace={false}
                  to="/"
                >
                  Home
                </Link>
              </li>
              <li>
                <Link
                  replace={false}
                  to="/subscription"
                >
                  Subscription
                </Link>
              </li>
              <li>
                <Link
                  replace={false}
                  to="/topstocks"
                >
                  Top Stocks
                </Link>
              </li>
              <li>
                <Link
                  replace={false}
                  to="/admin"
                >
                  Admin
                </Link>
              </li>
              <li>
                <Link
                  replace={false}
                  to="/disclaimer"
                >
                  Disclaimer
                </Link>
              </li>
              <li>
                <button
                  onClick={undefined}
                >
                  Logout
                </button>
              </li>
            </ul>
          </div>,
          "role": "navigation",
        },
        "ref": null,
        "rendered": Object {
          "instance": null,
          "key": undefined,
          "nodeType": "host",
          "props": Object {
            "children": Array [
              <a
                className="brand-logo"
              >
                PaiWallet
              </a>,
              <ul
                className="right hide-on-med-and-down"
                id="nav-mobile"
              >
                <li>
                  <Link
                    replace={false}
                    to="/"
                  >
                    Home
                  </Link>
                </li>
                <li>
                  <Link
                    replace={false}
                    to="/subscription"
                  >
                    Subscription
                  </Link>
                </li>
                <li>
                  <Link
                    replace={false}
                    to="/topstocks"
                  >
                    Top Stocks
                  </Link>
                </li>
                <li>
                  <Link
                    replace={false}
                    to="/admin"
                  >
                    Admin
                  </Link>
                </li>
                <li>
                  <Link
                    replace={false}
                    to="/disclaimer"
                  >
                    Disclaimer
                  </Link>
                </li>
                <li>
                  <button
                    onClick={undefined}
                  >
                    Logout
                  </button>
                </li>
              </ul>,
            ],
            "className": "nav-wrapper container",
          },
          "ref": null,
          "rendered": Array [
            Object {
              "instance": null,
              "key": undefined,
              "nodeType": "host",
              "props": Object {
                "children": "PaiWallet",
                "className": "brand-logo",
              },
              "ref": null,
              "rendered": "PaiWallet",
              "type": "a",
            },
            Object {
              "instance": null,
              "key": undefined,
              "nodeType": "host",
              "props": Object {
                "children": Array [
                  <li>
                    <Link
                      replace={false}
                      to="/"
                    >
                      Home
                    </Link>
                  </li>,
                  <li>
                    <Link
                      replace={false}
                      to="/subscription"
                    >
                      Subscription
                    </Link>
                  </li>,
                  <li>
                    <Link
                      replace={false}
                      to="/topstocks"
                    >
                      Top Stocks
                    </Link>
                  </li>,
                  <li>
                    <Link
                      replace={false}
                      to="/admin"
                    >
                      Admin
                    </Link>
                  </li>,
                  <li>
                    <Link
                      replace={false}
                      to="/disclaimer"
                    >
                      Disclaimer
                    </Link>
                  </li>,
                  <li>
                    <button
                      onClick={undefined}
                    >
                      Logout
                    </button>
                  </li>,
                ],
                "className": "right hide-on-med-and-down",
                "id": "nav-mobile",
              },
              "ref": null,
              "rendered": Array [
                Object {
                  "instance": null,
                  "key": undefined,
                  "nodeType": "host",
                  "props": Object {
                    "children": <Link
                      replace={false}
                      to="/"
                    >
                      Home
                    </Link>,
                  },
                  "ref": null,
                  "rendered": Object {
                    "instance": null,
                    "key": undefined,
                    "nodeType": "class",
                    "props": Object {
                      "children": "Home",
                      "replace": false,
                      "to": "/",
                    },
                    "ref": null,
                    "rendered": "Home",
                    "type": [Function],
                  },
                  "type": "li",
                },
                Object {
                  "instance": null,
                  "key": undefined,
                  "nodeType": "host",
                  "props": Object {
                    "children": <Link
                      replace={false}
                      to="/subscription"
                    >
                      Subscription
                    </Link>,
                  },
                  "ref": null,
                  "rendered": Object {
                    "instance": null,
                    "key": undefined,
                    "nodeType": "class",
                    "props": Object {
                      "children": "Subscription",
                      "replace": false,
                      "to": "/subscription",
                    },
                    "ref": null,
                    "rendered": "Subscription",
                    "type": [Function],
                  },
                  "type": "li",
                },
                Object {
                  "instance": null,
                  "key": undefined,
                  "nodeType": "host",
                  "props": Object {
                    "children": <Link
                      replace={false}
                      to="/topstocks"
                    >
                      Top Stocks
                    </Link>,
                  },
                  "ref": null,
                  "rendered": Object {
                    "instance": null,
                    "key": undefined,
                    "nodeType": "class",
                    "props": Object {
                      "children": "Top Stocks",
                      "replace": false,
                      "to": "/topstocks",
                    },
                    "ref": null,
                    "rendered": "Top Stocks",
                    "type": [Function],
                  },
                  "type": "li",
                },
                Object {
                  "instance": null,
                  "key": undefined,
                  "nodeType": "host",
                  "props": Object {
                    "children": <Link
                      replace={false}
                      to="/admin"
                    >
                      Admin
                    </Link>,
                  },
                  "ref": null,
                  "rendered": Object {
                    "instance": null,
                    "key": undefined,
                    "nodeType": "class",
                    "props": Object {
                      "children": "Admin",
                      "replace": false,
                      "to": "/admin",
                    },
                    "ref": null,
                    "rendered": "Admin",
                    "type": [Function],
                  },
                  "type": "li",
                },
                Object {
                  "instance": null,
                  "key": undefined,
                  "nodeType": "host",
                  "props": Object {
                    "children": <Link
                      replace={false}
                      to="/disclaimer"
                    >
                      Disclaimer
                    </Link>,
                  },
                  "ref": null,
                  "rendered": Object {
                    "instance": null,
                    "key": undefined,
                    "nodeType": "class",
                    "props": Object {
                      "children": "Disclaimer",
                      "replace": false,
                      "to": "/disclaimer",
                    },
                    "ref": null,
                    "rendered": "Disclaimer",
                    "type": [Function],
                  },
                  "type": "li",
                },
                Object {
                  "instance": null,
                  "key": undefined,
                  "nodeType": "host",
                  "props": Object {
                    "children": <button
                      onClick={undefined}
                    >
                      Logout
                    </button>,
                  },
                  "ref": null,
                  "rendered": Object {
                    "instance": null,
                    "key": undefined,
                    "nodeType": "host",
                    "props": Object {
                      "children": "Logout",
                      "onClick": undefined,
                    },
                    "ref": null,
                    "rendered": "Logout",
                    "type": "button",
                  },
                  "type": "li",
                },
              ],
              "type": "ul",
            },
          ],
          "type": "div",
        },
        "type": "nav",
      },
      "type": "div",
    },
  ],
  Symbol(enzyme.__options__): Object {
    "adapter": ReactSixteenAdapter {
      "options": Object {
        "enableComponentDidUpdateOnSetState": true,
      },
    },
  },
}
`;
