// Jest Snapshot v1, https://goo.gl/fbAQLP

exports[`<Login /> Should render login page 1`] = `
ShallowWrapper {
  "length": 1,
  Symbol(enzyme.__root__): [Circular],
  Symbol(enzyme.__unrendered__): <Login
    startLogin={[Function]}
  />,
  Symbol(enzyme.__renderer__): Object {
    "batchedUpdates": [Function],
    "getNode": [Function],
    "render": [Function],
    "simulateEvent": [Function],
    "unmount": [Function],
  },
  Symbol(enzyme.__node__): Object {
    "instance": null,
    "key": undefined,
    "nodeType": "host",
    "props": Object {
      "children": Array [
        <form
          onSubmit={[Function]}
        >
          <div
            className="input-field"
          >
            <i
              className="material-icons prefix"
            >
              email
            </i>
            <input
              className="validate"
              id="email"
              type="text"
            />
            <label
              htmlFor="email"
            >
              email
            </label>
          </div>
          <div
            className="input-field"
          >
            <i
              className="material-icons prefix"
            >
              lock_outline
            </i>
            <input
              className="validate"
              id="pass1"
              type="password"
            />
            <label
              htmlFor="pass1"
            >
              password
            </label>
          </div>
        </form>,
        <div
          className="row"
        >
          <div
            className="col l12 center"
          >
            <div
              className="input-field col l3"
            >
              <button
                className="btn waves-effect waves-light"
                name="action"
                type="submit"
              >
                Login
              </button>
            </div>
            <div
              className="input-field col l9"
            >
              <button
                className="btn waves-effect waves-light home-login-facebook-button"
                name="action"
                onClick={[Function]}
              >
                Login with FaceBook
              </button>
            </div>
          </div>
        </div>,
      ],
      "className": "pai-container blue lighten-5",
      "style": Object {
        "color": "teal",
      },
    },
    "ref": null,
    "rendered": Array [
      Object {
        "instance": null,
        "key": undefined,
        "nodeType": "host",
        "props": Object {
          "children": Array [
            <div
              className="input-field"
            >
              <i
                className="material-icons prefix"
              >
                email
              </i>
              <input
                className="validate"
                id="email"
                type="text"
              />
              <label
                htmlFor="email"
              >
                email
              </label>
            </div>,
            <div
              className="input-field"
            >
              <i
                className="material-icons prefix"
              >
                lock_outline
              </i>
              <input
                className="validate"
                id="pass1"
                type="password"
              />
              <label
                htmlFor="pass1"
              >
                password
              </label>
            </div>,
          ],
          "onSubmit": [Function],
        },
        "ref": null,
        "rendered": Array [
          Object {
            "instance": null,
            "key": undefined,
            "nodeType": "host",
            "props": Object {
              "children": Array [
                <i
                  className="material-icons prefix"
                >
                  email
                </i>,
                <input
                  className="validate"
                  id="email"
                  type="text"
                />,
                <label
                  htmlFor="email"
                >
                  email
                </label>,
              ],
              "className": "input-field",
            },
            "ref": null,
            "rendered": Array [
              Object {
                "instance": null,
                "key": undefined,
                "nodeType": "host",
                "props": Object {
                  "children": "email",
                  "className": "material-icons prefix",
                },
                "ref": null,
                "rendered": "email",
                "type": "i",
              },
              Object {
                "instance": null,
                "key": undefined,
                "nodeType": "host",
                "props": Object {
                  "className": "validate",
                  "id": "email",
                  "type": "text",
                },
                "ref": null,
                "rendered": null,
                "type": "input",
              },
              Object {
                "instance": null,
                "key": undefined,
                "nodeType": "host",
                "props": Object {
                  "children": "email",
                  "htmlFor": "email",
                },
                "ref": null,
                "rendered": "email",
                "type": "label",
              },
            ],
            "type": "div",
          },
          Object {
            "instance": null,
            "key": undefined,
            "nodeType": "host",
            "props": Object {
              "children": Array [
                <i
                  className="material-icons prefix"
                >
                  lock_outline
                </i>,
                <input
                  className="validate"
                  id="pass1"
                  type="password"
                />,
                <label
                  htmlFor="pass1"
                >
                  password
                </label>,
              ],
              "className": "input-field",
            },
            "ref": null,
            "rendered": Array [
              Object {
                "instance": null,
                "key": undefined,
                "nodeType": "host",
                "props": Object {
                  "children": "lock_outline",
                  "className": "material-icons prefix",
                },
                "ref": null,
                "rendered": "lock_outline",
                "type": "i",
              },
              Object {
                "instance": null,
                "key": undefined,
                "nodeType": "host",
                "props": Object {
                  "className": "validate",
                  "id": "pass1",
                  "type": "password",
                },
                "ref": null,
                "rendered": null,
                "type": "input",
              },
              Object {
                "instance": null,
                "key": undefined,
                "nodeType": "host",
                "props": Object {
                  "children": "password",
                  "htmlFor": "pass1",
                },
                "ref": null,
                "rendered": "password",
                "type": "label",
              },
            ],
            "type": "div",
          },
        ],
        "type": "form",
      },
      Object {
        "instance": null,
        "key": undefined,
        "nodeType": "host",
        "props": Object {
          "children": <div
            className="col l12 center"
          >
            <div
              className="input-field col l3"
            >
              <button
                className="btn waves-effect waves-light"
                name="action"
                type="submit"
              >
                Login
              </button>
            </div>
            <div
              className="input-field col l9"
            >
              <button
                className="btn waves-effect waves-light home-login-facebook-button"
                name="action"
                onClick={[Function]}
              >
                Login with FaceBook
              </button>
            </div>
          </div>,
          "className": "row",
        },
        "ref": null,
        "rendered": Object {
          "instance": null,
          "key": undefined,
          "nodeType": "host",
          "props": Object {
            "children": Array [
              <div
                className="input-field col l3"
              >
                <button
                  className="btn waves-effect waves-light"
                  name="action"
                  type="submit"
                >
                  Login
                </button>
              </div>,
              <div
                className="input-field col l9"
              >
                <button
                  className="btn waves-effect waves-light home-login-facebook-button"
                  name="action"
                  onClick={[Function]}
                >
                  Login with FaceBook
                </button>
              </div>,
            ],
            "className": "col l12 center",
          },
          "ref": null,
          "rendered": Array [
            Object {
              "instance": null,
              "key": undefined,
              "nodeType": "host",
              "props": Object {
                "children": <button
                  className="btn waves-effect waves-light"
                  name="action"
                  type="submit"
                >
                  Login
                </button>,
                "className": "input-field col l3",
              },
              "ref": null,
              "rendered": Object {
                "instance": null,
                "key": undefined,
                "nodeType": "host",
                "props": Object {
                  "children": "Login",
                  "className": "btn waves-effect waves-light",
                  "name": "action",
                  "type": "submit",
                },
                "ref": null,
                "rendered": "Login",
                "type": "button",
              },
              "type": "div",
            },
            Object {
              "instance": null,
              "key": undefined,
              "nodeType": "host",
              "props": Object {
                "children": <button
                  className="btn waves-effect waves-light home-login-facebook-button"
                  name="action"
                  onClick={[Function]}
                >
                  Login with FaceBook
                </button>,
                "className": "input-field col l9",
              },
              "ref": null,
              "rendered": Object {
                "instance": null,
                "key": undefined,
                "nodeType": "host",
                "props": Object {
                  "children": "Login with FaceBook",
                  "className": "btn waves-effect waves-light home-login-facebook-button",
                  "name": "action",
                  "onClick": [Function],
                },
                "ref": null,
                "rendered": "Login with FaceBook",
                "type": "button",
              },
              "type": "div",
            },
          ],
          "type": "div",
        },
        "type": "div",
      },
    ],
    "type": "div",
  },
  Symbol(enzyme.__nodes__): Array [
    Object {
      "instance": null,
      "key": undefined,
      "nodeType": "host",
      "props": Object {
        "children": Array [
          <form
            onSubmit={[Function]}
          >
            <div
              className="input-field"
            >
              <i
                className="material-icons prefix"
              >
                email
              </i>
              <input
                className="validate"
                id="email"
                type="text"
              />
              <label
                htmlFor="email"
              >
                email
              </label>
            </div>
            <div
              className="input-field"
            >
              <i
                className="material-icons prefix"
              >
                lock_outline
              </i>
              <input
                className="validate"
                id="pass1"
                type="password"
              />
              <label
                htmlFor="pass1"
              >
                password
              </label>
            </div>
          </form>,
          <div
            className="row"
          >
            <div
              className="col l12 center"
            >
              <div
                className="input-field col l3"
              >
                <button
                  className="btn waves-effect waves-light"
                  name="action"
                  type="submit"
                >
                  Login
                </button>
              </div>
              <div
                className="input-field col l9"
              >
                <button
                  className="btn waves-effect waves-light home-login-facebook-button"
                  name="action"
                  onClick={[Function]}
                >
                  Login with FaceBook
                </button>
              </div>
            </div>
          </div>,
        ],
        "className": "pai-container blue lighten-5",
        "style": Object {
          "color": "teal",
        },
      },
      "ref": null,
      "rendered": Array [
        Object {
          "instance": null,
          "key": undefined,
          "nodeType": "host",
          "props": Object {
            "children": Array [
              <div
                className="input-field"
              >
                <i
                  className="material-icons prefix"
                >
                  email
                </i>
                <input
                  className="validate"
                  id="email"
                  type="text"
                />
                <label
                  htmlFor="email"
                >
                  email
                </label>
              </div>,
              <div
                className="input-field"
              >
                <i
                  className="material-icons prefix"
                >
                  lock_outline
                </i>
                <input
                  className="validate"
                  id="pass1"
                  type="password"
                />
                <label
                  htmlFor="pass1"
                >
                  password
                </label>
              </div>,
            ],
            "onSubmit": [Function],
          },
          "ref": null,
          "rendered": Array [
            Object {
              "instance": null,
              "key": undefined,
              "nodeType": "host",
              "props": Object {
                "children": Array [
                  <i
                    className="material-icons prefix"
                  >
                    email
                  </i>,
                  <input
                    className="validate"
                    id="email"
                    type="text"
                  />,
                  <label
                    htmlFor="email"
                  >
                    email
                  </label>,
                ],
                "className": "input-field",
              },
              "ref": null,
              "rendered": Array [
                Object {
                  "instance": null,
                  "key": undefined,
                  "nodeType": "host",
                  "props": Object {
                    "children": "email",
                    "className": "material-icons prefix",
                  },
                  "ref": null,
                  "rendered": "email",
                  "type": "i",
                },
                Object {
                  "instance": null,
                  "key": undefined,
                  "nodeType": "host",
                  "props": Object {
                    "className": "validate",
                    "id": "email",
                    "type": "text",
                  },
                  "ref": null,
                  "rendered": null,
                  "type": "input",
                },
                Object {
                  "instance": null,
                  "key": undefined,
                  "nodeType": "host",
                  "props": Object {
                    "children": "email",
                    "htmlFor": "email",
                  },
                  "ref": null,
                  "rendered": "email",
                  "type": "label",
                },
              ],
              "type": "div",
            },
            Object {
              "instance": null,
              "key": undefined,
              "nodeType": "host",
              "props": Object {
                "children": Array [
                  <i
                    className="material-icons prefix"
                  >
                    lock_outline
                  </i>,
                  <input
                    className="validate"
                    id="pass1"
                    type="password"
                  />,
                  <label
                    htmlFor="pass1"
                  >
                    password
                  </label>,
                ],
                "className": "input-field",
              },
              "ref": null,
              "rendered": Array [
                Object {
                  "instance": null,
                  "key": undefined,
                  "nodeType": "host",
                  "props": Object {
                    "children": "lock_outline",
                    "className": "material-icons prefix",
                  },
                  "ref": null,
                  "rendered": "lock_outline",
                  "type": "i",
                },
                Object {
                  "instance": null,
                  "key": undefined,
                  "nodeType": "host",
                  "props": Object {
                    "className": "validate",
                    "id": "pass1",
                    "type": "password",
                  },
                  "ref": null,
                  "rendered": null,
                  "type": "input",
                },
                Object {
                  "instance": null,
                  "key": undefined,
                  "nodeType": "host",
                  "props": Object {
                    "children": "password",
                    "htmlFor": "pass1",
                  },
                  "ref": null,
                  "rendered": "password",
                  "type": "label",
                },
              ],
              "type": "div",
            },
          ],
          "type": "form",
        },
        Object {
          "instance": null,
          "key": undefined,
          "nodeType": "host",
          "props": Object {
            "children": <div
              className="col l12 center"
            >
              <div
                className="input-field col l3"
              >
                <button
                  className="btn waves-effect waves-light"
                  name="action"
                  type="submit"
                >
                  Login
                </button>
              </div>
              <div
                className="input-field col l9"
              >
                <button
                  className="btn waves-effect waves-light home-login-facebook-button"
                  name="action"
                  onClick={[Function]}
                >
                  Login with FaceBook
                </button>
              </div>
            </div>,
            "className": "row",
          },
          "ref": null,
          "rendered": Object {
            "instance": null,
            "key": undefined,
            "nodeType": "host",
            "props": Object {
              "children": Array [
                <div
                  className="input-field col l3"
                >
                  <button
                    className="btn waves-effect waves-light"
                    name="action"
                    type="submit"
                  >
                    Login
                  </button>
                </div>,
                <div
                  className="input-field col l9"
                >
                  <button
                    className="btn waves-effect waves-light home-login-facebook-button"
                    name="action"
                    onClick={[Function]}
                  >
                    Login with FaceBook
                  </button>
                </div>,
              ],
              "className": "col l12 center",
            },
            "ref": null,
            "rendered": Array [
              Object {
                "instance": null,
                "key": undefined,
                "nodeType": "host",
                "props": Object {
                  "children": <button
                    className="btn waves-effect waves-light"
                    name="action"
                    type="submit"
                  >
                    Login
                  </button>,
                  "className": "input-field col l3",
                },
                "ref": null,
                "rendered": Object {
                  "instance": null,
                  "key": undefined,
                  "nodeType": "host",
                  "props": Object {
                    "children": "Login",
                    "className": "btn waves-effect waves-light",
                    "name": "action",
                    "type": "submit",
                  },
                  "ref": null,
                  "rendered": "Login",
                  "type": "button",
                },
                "type": "div",
              },
              Object {
                "instance": null,
                "key": undefined,
                "nodeType": "host",
                "props": Object {
                  "children": <button
                    className="btn waves-effect waves-light home-login-facebook-button"
                    name="action"
                    onClick={[Function]}
                  >
                    Login with FaceBook
                  </button>,
                  "className": "input-field col l9",
                },
                "ref": null,
                "rendered": Object {
                  "instance": null,
                  "key": undefined,
                  "nodeType": "host",
                  "props": Object {
                    "children": "Login with FaceBook",
                    "className": "btn waves-effect waves-light home-login-facebook-button",
                    "name": "action",
                    "onClick": [Function],
                  },
                  "ref": null,
                  "rendered": "Login with FaceBook",
                  "type": "button",
                },
                "type": "div",
              },
            ],
            "type": "div",
          },
          "type": "div",
        },
      ],
      "type": "div",
    },
  ],
  Symbol(enzyme.__options__): Object {
    "adapter": ReactSixteenAdapter {
      "options": Object {
        "enableComponentDidUpdateOnSetState": true,
      },
    },
  },
}
`;
